// Jest Snapshot v1, https://goo.gl/fbAQLP

exports[`renders App component correctly 1`] = `
Object {
  "asFragment": [Function],
  "baseElement": <body>
    <div>
      <div
        class="App"
      >
        <header
          class="App-header"
        >
          <div
            class="header"
          >
            <div
              class="logo-title"
            >
              <span>
                <img
                  alt="logo"
                  src="planet.png"
                />
              </span>
              <span
                class="banner"
              >
                Space Traveller's Hub
              </span>
            </div>
            <div
              class="nav"
            >
              <ul
                class="nav-bar"
              >
                <li>
                  <a
                    activeclassname="active-link"
                    aria-current="page"
                    class="active"
                    href="/"
                  >
                    Rockets
                  </a>
                </li>
                <li>
                  <a
                    activeclassname="active-link"
                    class=""
                    href="/missions"
                  >
                    Missions
                  </a>
                </li>
                <li>
                  <a
                    activeclassname="active-link"
                    class=""
                    href="/MyProfile"
                  >
                    My Profile
                  </a>
                </li>
              </ul>
            </div>
          </div>
        </header>
      </div>
    </div>
  </body>,
  "container": <div>
    <div
      class="App"
    >
      <header
        class="App-header"
      >
        <div
          class="header"
        >
          <div
            class="logo-title"
          >
            <span>
              <img
                alt="logo"
                src="planet.png"
              />
            </span>
            <span
              class="banner"
            >
              Space Traveller's Hub
            </span>
          </div>
          <div
            class="nav"
          >
            <ul
              class="nav-bar"
            >
              <li>
                <a
                  activeclassname="active-link"
                  aria-current="page"
                  class="active"
                  href="/"
                >
                  Rockets
                </a>
              </li>
              <li>
                <a
                  activeclassname="active-link"
                  class=""
                  href="/missions"
                >
                  Missions
                </a>
              </li>
              <li>
                <a
                  activeclassname="active-link"
                  class=""
                  href="/MyProfile"
                >
                  My Profile
                </a>
              </li>
            </ul>
          </div>
        </div>
      </header>
    </div>
  </div>,
  "debug": [Function],
  "findAllByAltText": [Function],
  "findAllByDisplayValue": [Function],
  "findAllByLabelText": [Function],
  "findAllByPlaceholderText": [Function],
  "findAllByRole": [Function],
  "findAllByTestId": [Function],
  "findAllByText": [Function],
  "findAllByTitle": [Function],
  "findByAltText": [Function],
  "findByDisplayValue": [Function],
  "findByLabelText": [Function],
  "findByPlaceholderText": [Function],
  "findByRole": [Function],
  "findByTestId": [Function],
  "findByText": [Function],
  "findByTitle": [Function],
  "getAllByAltText": [Function],
  "getAllByDisplayValue": [Function],
  "getAllByLabelText": [Function],
  "getAllByPlaceholderText": [Function],
  "getAllByRole": [Function],
  "getAllByTestId": [Function],
  "getAllByText": [Function],
  "getAllByTitle": [Function],
  "getByAltText": [Function],
  "getByDisplayValue": [Function],
  "getByLabelText": [Function],
  "getByPlaceholderText": [Function],
  "getByRole": [Function],
  "getByTestId": [Function],
  "getByText": [Function],
  "getByTitle": [Function],
  "queryAllByAltText": [Function],
  "queryAllByDisplayValue": [Function],
  "queryAllByLabelText": [Function],
  "queryAllByPlaceholderText": [Function],
  "queryAllByRole": [Function],
  "queryAllByTestId": [Function],
  "queryAllByText": [Function],
  "queryAllByTitle": [Function],
  "queryByAltText": [Function],
  "queryByDisplayValue": [Function],
  "queryByLabelText": [Function],
  "queryByPlaceholderText": [Function],
  "queryByRole": [Function],
  "queryByTestId": [Function],
  "queryByText": [Function],
  "queryByTitle": [Function],
  "rerender": [Function],
  "unmount": [Function],
}
`;
